This is LuaHBTeX, Version 1.17.1 (MiKTeX 24.1) (format=lualatex 2026.8.3)  3 AUG 2026 10:24
 restricted system commands enabled.
**methodology.tex
(./methodology.tex
LaTeX2e <2023-11-01> patch level 1
L3 programming layer <2024-01-04>
Lua module: luaotfload 2023-08-31 3.26 Lua based OpenType font support
Lua module: lualibs 2023-07-13 2.76 ConTeXt Lua standard libraries.
Lua module: lualibs-extended 2023-07-13 2.76 ConTeXt Lua libraries -- extended c
ollection.
luaotfload | conf : Root cache directory is "C:/Users/Warren Powell/AppData/Loca
l/MiKTeX/luatex-cache/generic/names".
luaotfload | init : Loading fontloader "fontloader-2023-08-19.lua" from kpse-res
olved path "C:/Users/Warren Powell/AppData/Local/Programs/MiKTeX/tex/luatex/luao
tfload/fontloader-2023-08-19.lua".
Lua-only attribute luaotfload@noligature = 1
luaotfload | init : Context OpenType loader version 3.133
Inserting `luaotfload.node_processor' in `pre_linebreak_filter'.
Inserting `luaotfload.node_processor' in `hpack_filter'.
Inserting `luaotfload.glyph_stream' in `glyph_stream_provider'.
Inserting `luaotfload.define_font' in `define_font'.
Lua-only attribute luaotfload_color_attribute = 2
luaotfload | conf : Root cache directory is "C:/Users/Warren Powell/AppData/Loca
l/MiKTeX/luatex-cache/generic/names".
Inserting `luaotfload.harf.strip_prefix' in `find_opentype_file'.
Inserting `luaotfload.harf.strip_prefix' in `find_truetype_file'.
Removing  `luaotfload.glyph_stream' from `glyph_stream_provider'.
Inserting `luaotfload.harf.glyphstream' in `glyph_stream_provider'.
Inserting `luaotfload.harf.finalize_vlist' in `post_linebreak_filter'.
Inserting `luaotfload.harf.finalize_hlist' in `hpack_filter'.
Inserting `luaotfload.cleanup_files' in `wrapup_run'.
Inserting `luaotfload.harf.finalize_unicode' in `finish_pdffile'.
Inserting `luaotfload.glyphinfo' in `glyph_info'.
Lua-only attribute luaotfload.letterspace_done = 3
Inserting `luaotfload.aux.set_sscale_dimens' in `luaotfload.patch_font'.
Inserting `luaotfload.aux.set_font_index' in `luaotfload.patch_font'.
Inserting `luaotfload.aux.patch_cambria_domh' in `luaotfload.patch_font'.
Inserting `luaotfload.aux.fixup_fontdata' in `luaotfload.patch_font_unsafe'.
Inserting `luaotfload.aux.set_capheight' in `luaotfload.patch_font'.
Inserting `luaotfload.aux.set_xheight' in `luaotfload.patch_font'.
Inserting `luaotfload.rewrite_fontname' in `luaotfload.patch_font'.
Inserting `tracingstacklevels' in `input_level_string'.
("C:/Users/Warren Powell/AppData/Local/Programs/MiKTeX/tex/latex/base/article.c
ls"
Document Class: article 2023/05/17 v1.4n Standard LaTeX document class

("C:/Users/Warren Powell/AppData/Local/Programs/MiKTeX/tex/latex/base/size11.cl
o"
File: size11.clo 2023/05/17 v1.4n Standard LaTeX file (size option)
luaotfload | db : Font names database loaded from C:/Users/Warren Powell/AppData
/Local/MiKTeX/luatex-cache/generic/names/luaotfload-names.luc.gz)
\c@part=\count185
\c@section=\count186
\c@subsection=\count187
\c@subsubsection=\count188
\c@paragraph=\count189
\c@subparagraph=\count190
\c@figure=\count191
\c@table=\count192
\abovecaptionskip=\skip48
\belowcaptionskip=\skip49
\bibindent=\dimen139
)
("C:/Users/Warren Powell/AppData/Local/Programs/MiKTeX/tex/latex/geometry/geome
try.sty"
Package: geometry 2020/01/02 v5.9 Page Geometry

("C:/Users/Warren Powell/AppData/Local/Programs/MiKTeX/tex/latex/graphics/keyva
l.sty"
Package: keyval 2022/05/29 v1.15 key=value parser (DPC)
\KV@toks@=\toks17
)
("C:/Users/Warren Powell/AppData/Local/Programs/MiKTeX/tex/generic/iftex/ifvtex
.sty"
Package: ifvtex 2019/10/25 v1.7 ifvtex legacy package. Use iftex instead.

("C:/Users/Warren Powell/AppData/Local/Programs/MiKTeX/tex/generic/iftex/iftex.
sty"
Package: iftex 2022/02/03 v1.0f TeX engine tests
))
\Gm@cnth=\count193
\Gm@cntv=\count194
\c@Gm@tempcnt=\count195
\Gm@bindingoffset=\dimen140
\Gm@wd@mp=\dimen141
\Gm@odd@mp=\dimen142
\Gm@even@mp=\dimen143
\Gm@layoutwidth=\dimen144
\Gm@layoutheight=\dimen145
\Gm@layouthoffset=\dimen146
\Gm@layoutvoffset=\dimen147
\Gm@dimlist=\toks18

("C:/Users/Warren Powell/AppData/Local/Programs/MiKTeX/tex/latex/geometry/geome
try.cfg"))
("C:/Users/Warren Powell/AppData/Local/Programs/MiKTeX/tex/latex/amsmath/amsmat
h.sty"
Package: amsmath 2023/05/13 v2.17o AMS math features
\@mathmargin=\skip50

For additional information on amsmath, use the `?' option.

("C:/Users/Warren Powell/AppData/Local/Programs/MiKTeX/tex/latex/amsmath/amstex
t.sty"
Package: amstext 2021/08/26 v2.01 AMS text

("C:/Users/Warren Powell/AppData/Local/Programs/MiKTeX/tex/latex/amsmath/amsgen
.sty"
File: amsgen.sty 1999/11/30 v2.0 generic functions
\@emptytoks=\toks19
\ex@=\dimen148
))
("C:/Users/Warren Powell/AppData/Local/Programs/MiKTeX/tex/latex/amsmath/amsbsy
.sty"
Package: amsbsy 1999/11/29 v1.2d Bold Symbols
\pmbraise@=\dimen149
)
("C:/Users/Warren Powell/AppData/Local/Programs/MiKTeX/tex/latex/amsmath/amsopn
.sty"
Package: amsopn 2022/04/08 v2.04 operator names
)
\inf@bad=\count196
LaTeX Info: Redefining \frac on input line 236.
\uproot@=\count197
\leftroot@=\count198
LaTeX Info: Redefining \overline on input line 399.
LaTeX Info: Redefining \colon on input line 410.
\classnum@=\count199
\DOTSCASE@=\count266
LaTeX Info: Redefining \ldots on input line 496.
LaTeX Info: Redefining \dots on input line 499.
LaTeX Info: Redefining \cdots on input line 620.
\Mathstrutbox@=\box51
\strutbox@=\box52
LaTeX Info: Redefining \big on input line 722.
LaTeX Info: Redefining \Big on input line 723.
LaTeX Info: Redefining \bigg on input line 724.
LaTeX Info: Redefining \Bigg on input line 725.
\big@size=\dimen150
LaTeX Font Info:    Redeclaring font encoding OML on input line 743.
LaTeX Font Info:    Redeclaring font encoding OMS on input line 744.
\macc@depth=\count267
LaTeX Info: Redefining \bmod on input line 905.
LaTeX Info: Redefining \pmod on input line 910.
LaTeX Info: Redefining \smash on input line 940.
LaTeX Info: Redefining \relbar on input line 970.
LaTeX Info: Redefining \Relbar on input line 971.
\c@MaxMatrixCols=\count268
\dotsspace@=\muskip16
\c@parentequation=\count269
\dspbrk@lvl=\count270
\tag@help=\toks20
\row@=\count271
\column@=\count272
\maxfields@=\count273
\andhelp@=\toks21
\eqnshift@=\dimen151
\alignsep@=\dimen152
\tagshift@=\dimen153
\tagwidth@=\dimen154
\totwidth@=\dimen155
\lineht@=\dimen156
\@envbody=\toks22
\multlinegap=\skip51
\multlinetaggap=\skip52
\mathdisplay@stack=\toks23
LaTeX Info: Redefining \[ on input line 2953.
LaTeX Info: Redefining \] on input line 2954.
)
("C:/Users/Warren Powell/AppData/Local/Programs/MiKTeX/tex/latex/amsfonts/amssy
mb.sty"
Package: amssymb 2013/01/14 v3.01 AMS font symbols

("C:/Users/Warren Powell/AppData/Local/Programs/MiKTeX/tex/latex/amsfonts/amsfo
nts.sty"
Package: amsfonts 2013/01/14 v3.01 Basic AMSFonts support
\symAMSa=\mathgroup4
\symAMSb=\mathgroup5
LaTeX Font Info:    Redeclaring math symbol \hbar on input line 98.
LaTeX Font Info:    Overwriting math alphabet `\mathfrak' in version `bold'
(Font)                  U/euf/m/n --> U/euf/b/n on input line 106.
))
("C:/Users/Warren Powell/AppData/Local/Programs/MiKTeX/tex/latex/amscls/amsthm.
sty"
Package: amsthm 2020/05/29 v2.20.6
\thm@style=\toks24
\thm@bodyfont=\toks25
\thm@headfont=\toks26
\thm@notefont=\toks27
\thm@headpunct=\toks28
\thm@preskip=\skip53
\thm@postskip=\skip54
\thm@headsep=\skip55
\dth@everypar=\toks29
)
("C:/Users/Warren Powell/AppData/Local/Programs/MiKTeX/tex/latex/mathtools/math
tools.sty"
Package: mathtools 2024/10/04 v1.31 mathematical typesetting tools

("C:/Users/Warren Powell/AppData/Local/Programs/MiKTeX/tex/latex/tools/calc.sty
"
Package: calc 2023/07/08 v4.3 Infix arithmetic (KKT,FJ)
\calc@Acount=\count274
\calc@Bcount=\count275
\calc@Adimen=\dimen157
\calc@Bdimen=\dimen158
\calc@Askip=\skip56
\calc@Bskip=\skip57
LaTeX Info: Redefining \setlength on input line 80.
LaTeX Info: Redefining \addtolength on input line 81.
\calc@Ccount=\count276
\calc@Cskip=\skip58
)
("C:/Users/Warren Powell/AppData/Local/Programs/MiKTeX/tex/latex/mathtools/mhse
tup.sty"
Package: mhsetup 2021/03/18 v1.4 programming setup (MH)
)
\g_MT_multlinerow_int=\count277
\l_MT_multwidth_dim=\dimen159
\origjot=\skip59
\l_MT_shortvdotswithinadjustabove_dim=\dimen160
\l_MT_shortvdotswithinadjustbelow_dim=\dimen161
\l_MT_above_intertext_sep=\dimen162
\l_MT_below_intertext_sep=\dimen163
\l_MT_above_shortintertext_sep=\dimen164
\l_MT_below_shortintertext_sep=\dimen165
\xmathstrut@box=\box53
\xmathstrut@dim=\dimen166
)
("C:/Users/Warren Powell/AppData/Local/Programs/MiKTeX/tex/latex/algorithms/alg
orithm.sty"
Package: algorithm 2009/08/24 v0.1 Document Style `algorithm' - floating enviro
nment

("C:/Users/Warren Powell/AppData/Local/Programs/MiKTeX/tex/latex/float/float.st
y"
Package: float 2001/11/08 v1.3d Float enhancements (AL)
\c@float@type=\count278
\float@exts=\toks30
\float@box=\box54
\@float@everytoks=\toks31
\@floatcapt=\box55
)
("C:/Users/Warren Powell/AppData/Local/Programs/MiKTeX/tex/latex/base/ifthen.st
y"
Package: ifthen 2022/04/13 v1.1d Standard LaTeX ifthen package (DPC)
)
\@float@every@algorithm=\toks32
\c@algorithm=\count279
)
("C:/Users/Warren Powell/AppData/Local/Programs/MiKTeX/tex/latex/algorithmicx/a
lgpseudocode.sty"
Package: algpseudocode 

("C:/Users/Warren Powell/AppData/Local/Programs/MiKTeX/tex/latex/algorithmicx/a
lgorithmicx.sty"
Package: algorithmicx 2005/04/27 v1.2 Algorithmicx

Document Style algorithmicx 1.2 - a greatly improved `algorithmic' style
\c@ALG@line=\count280
\c@ALG@rem=\count281
\c@ALG@nested=\count282
\ALG@tlm=\skip60
\ALG@thistlm=\skip61
\c@ALG@Lnr=\count283
\c@ALG@blocknr=\count284
\c@ALG@storecount=\count285
\c@ALG@tmpcounter=\count286
\ALG@tmplength=\skip62
)
Document Style - pseudocode environments for use with the `algorithmicx' style
)
("C:/Users/Warren Powell/AppData/Local/Programs/MiKTeX/tex/latex/booktabs/bookt
abs.sty"
Package: booktabs 2020/01/12 v1.61803398 Publication quality tables
\heavyrulewidth=\dimen167
\lightrulewidth=\dimen168
\cmidrulewidth=\dimen169
\belowrulesep=\dimen170
\belowbottomsep=\dimen171
\aboverulesep=\dimen172
\abovetopsep=\dimen173
\cmidrulesep=\dimen174
\cmidrulekern=\dimen175
\defaultaddspace=\dimen176
\@cmidla=\count287
\@cmidlb=\count288
\@aboverulesep=\dimen177
\@belowrulesep=\dimen178
\@thisruleclass=\count289
\@lastruleclass=\count290
\@thisrulewidth=\dimen179
)
("C:/Users/Warren Powell/AppData/Local/Programs/MiKTeX/tex/latex/tools/array.st
y"
Package: array 2023/10/16 v2.5g Tabular extension package (FMi)
\col@sep=\dimen180
\ar@mcellbox=\box56
\extrarowheight=\dimen181
\NC@list=\toks33
\extratabsurround=\skip63
\backup@length=\skip64
\ar@cellbox=\box57
)
("C:/Users/Warren Powell/AppData/Local/Programs/MiKTeX/tex/latex/enumitem/enumi
tem.sty"
Package: enumitem 2025/02/06 v3.11 Customized lists
\labelindent=\skip65
\enit@outerparindent=\dimen182
\enit@toks=\toks34
\enit@inbox=\box58
\enit@count@id=\count291
\enitdp@description=\count292
)
("C:/Users/Warren Powell/AppData/Local/Programs/MiKTeX/tex/latex/hyperref/hyper
ref.sty"
Package: hyperref 2023-11-26 v7.01g Hypertext links for LaTeX

("C:/Users/Warren Powell/AppData/Local/Programs/MiKTeX/tex/generic/infwarerr/in
fwarerr.sty"
Package: infwarerr 2019/12/03 v1.5 Providing info/warning/error messages (HO)
)
("C:/Users/Warren Powell/AppData/Local/Programs/MiKTeX/tex/latex/kvsetkeys/kvse
tkeys.sty"
Package: kvsetkeys 2022-10-05 v1.19 Key value parser (HO)
)
("C:/Users/Warren Powell/AppData/Local/Programs/MiKTeX/tex/generic/kvdefinekeys
/kvdefinekeys.sty"
Package: kvdefinekeys 2019-12-19 v1.6 Define keys (HO)
)
("C:/Users/Warren Powell/AppData/Local/Programs/MiKTeX/tex/generic/pdfescape/pd
fescape.sty"
Package: pdfescape 2019/12/09 v1.15 Implements pdfTeX's escape features (HO)

("C:/Users/Warren Powell/AppData/Local/Programs/MiKTeX/tex/generic/ltxcmds/ltxc
mds.sty"
Package: ltxcmds 2023-12-04 v1.26 LaTeX kernel commands for general use (HO)
)
("C:/Users/Warren Powell/AppData/Local/Programs/MiKTeX/tex/generic/pdftexcmds/p
dftexcmds.sty"
Package: pdftexcmds 2020-06-27 v0.33 Utility functions of pdfTeX for LuaTeX (HO
)
Package pdftexcmds Info: \pdf@primitive is available.
Package pdftexcmds Info: \pdf@ifprimitive is available.
Package pdftexcmds Info: \pdfdraftmode found.
\pdftexcmds@toks=\toks35
))
("C:/Users/Warren Powell/AppData/Local/Programs/MiKTeX/tex/latex/hycolor/hycolo
r.sty"
Package: hycolor 2020-01-27 v1.10 Color options for hyperref/bookmark (HO)
)
("C:/Users/Warren Powell/AppData/Local/Programs/MiKTeX/tex/latex/letltxmacro/le
tltxmacro.sty"
Package: letltxmacro 2019/12/03 v1.6 Let assignment for LaTeX macros (HO)
)
("C:/Users/Warren Powell/AppData/Local/Programs/MiKTeX/tex/latex/auxhook/auxhoo
k.sty"
Package: auxhook 2019-12-17 v1.6 Hooks for auxiliary files (HO)
)
("C:/Users/Warren Powell/AppData/Local/Programs/MiKTeX/tex/latex/hyperref/namer
ef.sty"
Package: nameref 2023-11-26 v2.56 Cross-referencing by name of section

("C:/Users/Warren Powell/AppData/Local/Programs/MiKTeX/tex/latex/refcount/refco
unt.sty"
Package: refcount 2019/12/15 v3.6 Data extraction from label references (HO)
)
("C:/Users/Warren Powell/AppData/Local/Programs/MiKTeX/tex/generic/gettitlestri
ng/gettitlestring.sty"
Package: gettitlestring 2019/12/15 v1.6 Cleanup title references (HO)

("C:/Users/Warren Powell/AppData/Local/Programs/MiKTeX/tex/latex/kvoptions/kvop
tions.sty"
Package: kvoptions 2022-06-15 v3.15 Key value format for package options (HO)
))
\c@section@level=\count293
)
("C:/Users/Warren Powell/AppData/Local/Programs/MiKTeX/tex/latex/etoolbox/etool
box.sty"
Package: etoolbox 2020/10/05 v2.5k e-TeX tools for LaTeX (JAW)
\etb@tempcnta=\count294
)
\@linkdim=\dimen183
\Hy@linkcounter=\count295
\Hy@pagecounter=\count296

("C:/Users/Warren Powell/AppData/Local/Programs/MiKTeX/tex/latex/hyperref/pd1en
c.def"
File: pd1enc.def 2023-11-26 v7.01g Hyperref: PDFDocEncoding definition (HO)
)
("C:/Users/Warren Powell/AppData/Local/Programs/MiKTeX/tex/generic/intcalc/intc
alc.sty"
Package: intcalc 2019/12/15 v1.3 Expandable calculations with integers (HO)
)
\Hy@SavedSpaceFactor=\count297

("C:/Users/Warren Powell/AppData/Local/Programs/MiKTeX/tex/latex/hyperref/puenc
.def"
File: puenc.def 2023-11-26 v7.01g Hyperref: PDF Unicode definition (HO)
)
Package hyperref Info: Hyper figures OFF on input line 4181.
Package hyperref Info: Link nesting OFF on input line 4186.
Package hyperref Info: Hyper index ON on input line 4189.
Package hyperref Info: Plain pages OFF on input line 4196.
Package hyperref Info: Backreferencing OFF on input line 4201.
Package hyperref Info: Implicit mode ON; LaTeX internals redefined.
Package hyperref Info: Bookmarks ON on input line 4448.
\c@Hy@tempcnt=\count298

("C:/Users/Warren Powell/AppData/Local/Programs/MiKTeX/tex/latex/url/url.sty"
\Urlmuskip=\muskip17
Package: url 2013/09/16  ver 3.4  Verb mode for urls, etc.
)
LaTeX Info: Redefining \url on input line 4786.
\XeTeXLinkMargin=\dimen184

("C:/Users/Warren Powell/AppData/Local/Programs/MiKTeX/tex/generic/bitset/bitse
t.sty"
Package: bitset 2019/12/09 v1.3 Handle bit-vector datatype (HO)

("C:/Users/Warren Powell/AppData/Local/Programs/MiKTeX/tex/generic/bigintcalc/b
igintcalc.sty"
Package: bigintcalc 2019/12/15 v1.5 Expandable calculations on big integers (HO
)
))
\Fld@menulength=\count299
\Field@Width=\dimen185
\Fld@charsize=\dimen186
Package hyperref Info: Hyper figures OFF on input line 6065.
Package hyperref Info: Link nesting OFF on input line 6070.
Package hyperref Info: Hyper index ON on input line 6073.
Package hyperref Info: backreferencing OFF on input line 6080.
Package hyperref Info: Link coloring OFF on input line 6085.
Package hyperref Info: Link coloring with OCG OFF on input line 6090.
Package hyperref Info: PDF/A mode OFF on input line 6095.

("C:/Users/Warren Powell/AppData/Local/Programs/MiKTeX/tex/latex/base/atbegshi-
ltx.sty"
Package: atbegshi-ltx 2021/01/10 v1.0c Emulation of the original atbegshi
package with kernel methods
)
\Hy@abspage=\count300
\c@Item=\count301
\c@Hfootnote=\count302
)
Package hyperref Info: Driver (autodetected): hluatex.

("C:/Users/Warren Powell/AppData/Local/Programs/MiKTeX/tex/latex/hyperref/hluat
ex.def"
File: hluatex.def 2023-11-26 v7.01g Hyperref driver for luaTeX

("C:/Users/Warren Powell/AppData/Local/Programs/MiKTeX/tex/generic/stringenc/st
ringenc.sty"
Package: stringenc 2019/11/29 v1.12 Convert strings between diff. encodings (HO
)
)
("C:/Users/Warren Powell/AppData/Local/Programs/MiKTeX/tex/latex/base/atveryend
-ltx.sty"
Package: atveryend-ltx 2020/08/19 v1.0a Emulation of the original atveryend pac
kage
with kernel methods
)
\Fld@listcount=\count303
\c@bookmark@seq@number=\count304

("C:/Users/Warren Powell/AppData/Local/Programs/MiKTeX/tex/latex/rerunfilecheck
/rerunfilecheck.sty"
Package: rerunfilecheck 2025-06-21 v1.11 Rerun checks for auxiliary files (HO)

("C:/Users/Warren Powell/AppData/Local/Programs/MiKTeX/tex/generic/uniquecounte
r/uniquecounter.sty"
Package: uniquecounter 2019/12/15 v1.4 Provide unlimited unique counter (HO)
)
Package uniquecounter Info: New unique counter `rerunfilecheck' on input line 2
84.
)
\Hy@SectionHShift=\skip66
)
("C:/Users/Warren Powell/AppData/Local/Programs/MiKTeX/tex/latex/xcolor/xcolor.
sty"
Package: xcolor 2023/11/15 v3.01 LaTeX color extensions (UK)

("C:/Users/Warren Powell/AppData/Local/Programs/MiKTeX/tex/latex/graphics-cfg/c
olor.cfg"
File: color.cfg 2016/01/02 v1.6 sample color configuration
)
Package xcolor Info: Driver file: luatex.def on input line 274.

("C:/Users/Warren Powell/AppData/Local/Programs/MiKTeX/tex/latex/graphics-def/l
uatex.def"
File: luatex.def 2022/09/22 v1.2d Graphics/color driver for luatex
)
("C:/Users/Warren Powell/AppData/Local/Programs/MiKTeX/tex/latex/graphics/mathc
olor.ltx")
Package xcolor Info: Model `cmy' substituted by `cmy0' on input line 1350.
Package xcolor Info: Model `hsb' substituted by `rgb' on input line 1354.
Package xcolor Info: Model `RGB' extended on input line 1366.
Package xcolor Info: Model `HTML' substituted by `rgb' on input line 1368.
Package xcolor Info: Model `Hsb' substituted by `hsb' on input line 1369.
Package xcolor Info: Model `tHsb' substituted by `hsb' on input line 1370.
Package xcolor Info: Model `HSB' substituted by `hsb' on input line 1371.
Package xcolor Info: Model `Gray' substituted by `gray' on input line 1372.
Package xcolor Info: Model `wave' substituted by `hsb' on input line 1373.
)
Package hyperref Info: Option `colorlinks' set `true' on input line 19.

("C:/Users/Warren Powell/AppData/Local/Programs/MiKTeX/tex/latex/l3backend/l3ba
ckend-luatex.def"
File: l3backend-luatex.def 2024-01-04 L3 backend support: PDF output (LuaTeX)
\l__color_backend_stack_int=\count305
Inserting `l3color' in `luaotfload.parse_color'.
\l__pdf_internal_box=\box59
) (./methodology.aux)
\openout1 = methodology.aux

LaTeX Font Info:    Checking defaults for OML/cmm/m/it on input line 39.
LaTeX Font Info:    ... okay on input line 39.
LaTeX Font Info:    Checking defaults for OMS/cmsy/m/n on input line 39.
LaTeX Font Info:    ... okay on input line 39.
LaTeX Font Info:    Checking defaults for OT1/cmr/m/n on input line 39.
LaTeX Font Info:    ... okay on input line 39.
LaTeX Font Info:    Checking defaults for T1/cmr/m/n on input line 39.
LaTeX Font Info:    ... okay on input line 39.
LaTeX Font Info:    Checking defaults for TS1/cmr/m/n on input line 39.
LaTeX Font Info:    Trying to load font information for TS1+cmr on input line 3
9.

("C:/Users/Warren Powell/AppData/Local/Programs/MiKTeX/tex/latex/base/ts1cmr.fd
"
File: ts1cmr.fd 2023/04/13 v2.5m Standard LaTeX font definitions
)
LaTeX Font Info:    ... okay on input line 39.
LaTeX Font Info:    Checking defaults for TU/lmr/m/n on input line 39.
LaTeX Font Info:    ... okay on input line 39.
LaTeX Font Info:    Checking defaults for OMX/cmex/m/n on input line 39.
LaTeX Font Info:    ... okay on input line 39.
LaTeX Font Info:    Checking defaults for U/cmr/m/n on input line 39.
LaTeX Font Info:    ... okay on input line 39.
LaTeX Font Info:    Checking defaults for PD1/pdf/m/n on input line 39.
LaTeX Font Info:    ... okay on input line 39.
LaTeX Font Info:    Checking defaults for PU/pdf/m/n on input line 39.
LaTeX Font Info:    ... okay on input line 39.

*geometry* driver: auto-detecting
*geometry* detected driver: luatex
*geometry* verbose mode - [ preamble ] result:
* driver: luatex
* paper: <default>
* layout: <same size as paper>
* layoutoffset:(h,v)=(0.0pt,0.0pt)
* modes: 
* h-part:(L,W,R)=(72.26999pt, 469.75502pt, 72.26999pt)
* v-part:(T,H,B)=(72.26999pt, 650.43001pt, 72.26999pt)
* \paperwidth=614.295pt
* \paperheight=794.96999pt
* \textwidth=469.75502pt
* \textheight=650.43001pt
* \oddsidemargin=0.0pt
* \evensidemargin=0.0pt
* \topmargin=-37.0pt
* \headheight=12.0pt
* \headsep=25.0pt
* \topskip=11.0pt
* \footskip=30.0pt
* \marginparwidth=59.0pt
* \marginparsep=10.0pt
* \columnsep=10.0pt
* \skip\footins=10.0pt plus 4.0pt minus 2.0pt
* \hoffset=0.0pt
* \voffset=0.0pt
* \mag=1000
* \@twocolumnfalse
* \@twosidefalse
* \@mparswitchfalse
* \@reversemarginfalse
* (1in=72.27pt=25.4mm, 1cm=28.453pt)


("C:/Users/Warren Powell/AppData/Local/Programs/MiKTeX/tex/latex/graphics/graph
icx.sty"
Package: graphicx 2021/09/16 v1.2d Enhanced LaTeX Graphics (DPC,SPQR)

("C:/Users/Warren Powell/AppData/Local/Programs/MiKTeX/tex/latex/graphics/graph
ics.sty"
Package: graphics 2022/03/10 v1.4e Standard LaTeX Graphics (DPC,SPQR)

("C:/Users/Warren Powell/AppData/Local/Programs/MiKTeX/tex/latex/graphics/trig.
sty"
Package: trig 2021/08/11 v1.11 sin cos tan (DPC)
)
("C:/Users/Warren Powell/AppData/Local/Programs/MiKTeX/tex/latex/graphics-cfg/g
raphics.cfg"
File: graphics.cfg 2016/06/04 v1.11 sample graphics configuration
)
Package graphics Info: Driver file: luatex.def on input line 107.
)
\Gin@req@height=\dimen187
\Gin@req@width=\dimen188
)
Package hyperref Info: Link coloring ON on input line 39.
 (./methodology.out) (./methodology.out)
\@outlinefile=\write3

\openout3 = methodology.out

("C:/Users/Warren Powell/AppData/Local/Programs/MiKTeX/tex/context/base/mkii/su
pp-pdf.mkii"
[Loading MPS to PDF converter (version 2006.09.02).]
\scratchcounter=\count306
\scratchdimen=\dimen189
\scratchbox=\box60
\nofMPsegments=\count307
\nofMParguments=\count308
\everyMPshowfont=\toks36
\MPscratchCnt=\count309
\MPscratchDim=\dimen190
\MPnumerator=\count310
\makeMPintoPDFobject=\count311
\everyMPtoPDFconversion=\toks37
)
("C:/Users/Warren Powell/AppData/Local/Programs/MiKTeX/tex/latex/epstopdf-pkg/e
pstopdf-base.sty"
Package: epstopdf-base 2020-01-24 v2.11 Base part for package epstopdf
Package epstopdf-base Info: Redefining graphics rule for `.eps' on input line 4
85.

("C:/Users/Warren Powell/AppData/Local/Programs/MiKTeX/tex/latex/00miktex/epsto
pdf-sys.cfg"
File: epstopdf-sys.cfg 2021/03/18 v2.0 Configuration of epstopdf for MiKTeX
))
LaTeX Font Info:    Trying to load font information for U+msa on input line 41.


("C:/Users/Warren Powell/AppData/Local/Programs/MiKTeX/tex/latex/amsfonts/umsa.
fd"
File: umsa.fd 2013/01/14 v3.01 AMS symbols A
)
LaTeX Font Info:    Trying to load font information for U+msb on input line 41.


("C:/Users/Warren Powell/AppData/Local/Programs/MiKTeX/tex/latex/amsfonts/umsb.
fd"
File: umsb.fd 2013/01/14 v3.01 AMS symbols B
) (./methodology.toc)
\tf@toc=\write4

\openout4 = methodology.toc
 [1

{C:/Users/Warren Powell/AppData/Local/MiKTeX/fonts/map/pdftex/pdftex.map}] [2] 
[3]
Overfull \hbox (46.11594pt too wide) in paragraph at lines 227--230
[]\TU/lmr/m/n/10.95 In-de-pen-dent sub-streams for each ex-per-i-ment in-dex are
 drawn from \TU/lmtt/m/n/10.95 numpy.random.SeedSequence.spawn\TU/lmr/m/n/10.95
 ,
 []

[4] [5]
Package hyperref Info: bookmark level for unknown algorithm defaults to 0 on in
put line 376.
 [6] [7]
Overfull \hbox (55.96977pt too wide) in paragraph at lines 533--540
[]\TU/lmr/m/n/10.95 The Com-mon Ran-dom Num-bers (CRN) con-tract of Sec-tion []
[]2.4[][] is pre-served by pass-ing \TU/lmtt/m/n/10.95 experiment_index=n
 []

[8] [9]
Overfull \hbox (8.6502pt too wide) in paragraph at lines 661--661
[]|$\OT1/cmr/m/n/10 (0\OML/cmm/m/it/10 :\OT1/cmr/m/n/10 001\OML/cmm/m/it/10 ; \
OMS/cmsy/m/n/10 ^^@\OT1/cmr/m/n/10 0\OML/cmm/m/it/10 :\OT1/cmr/m/n/10 001)$| 
 []


LaTeX Warning: `h' float specifier changed to `ht'.

LaTeX Font Info:    Font shape `TU/lmtt/bx/n' in size <10.95> not available
(Font)              Font shape `TU/lmtt/b/n' tried instead on input line 716.
[10]
Overfull \hbox (28.91228pt too wide) in paragraph at lines 721--725
\TU/lmr/m/n/10.95 Be-lief model (\TU/lmtt/m/n/10.95 belief.py\TU/lmr/m/n/10.95 
), ac-qui-si-tion poli-cies (\TU/lmtt/m/n/10.95 acquire.py\TU/lmr/m/n/10.95 ), 
and ses-sion co-or-di-na-tor (\TU/lmtt/m/n/10.95 session.py\TU/lmr/m/n/10.95 ).
 []


Overfull \hbox (83.672pt too wide) in paragraph at lines 726--731
\TU/lmr/m/n/10.95 FastAPI ser-vice ex-pos-ing \TU/lmtt/m/n/10.95 POST /sessions\TU/lmr/m/n/10.95 , \TU/lmtt/m/n/10.95 POST /sessions/{sid}/step\TU/lmr/m/n/10.95 , \TU/lmtt/m/n/10.95 GET /sessions/{sid}/posterior\TU/lmr/m/n/10.95 ,
 []


Overfull \hbox (6.41pt too wide) in paragraph at lines 726--731
\TU/lmtt/m/n/10.95 GET /sessions/{sid}/reveal\TU/lmr/m/n/10.95 , \TU/lmtt/m/n/1
0.95 GET /sessions/{sid}/kg\TU/lmr/m/n/10.95 , and \TU/lmtt/m/n/10.95 POST /sess
ions/batch\TU/lmr/m/n/10.95 . The
 []

[11] (./methodology.aux)
 ***********
LaTeX2e <2023-11-01> patch level 1
L3 programming layer <2024-01-04>
 ***********
Package rerunfilecheck Info: File `methodology.out' has not changed.
(rerunfilecheck)             Checksum: EAC5A7AD71F69185A683E2CCFBC9EA4A;4925.
)

Here is how much of LuaTeX's memory you used:
 13072 strings out of 476497
 125129,1977958 words of node,token memory allocated
 947 words of node memory still in use:
   7 hlist, 2 vlist, 2 rule, 2 glue, 4 kern, 6 sub_mlist, 1 glyph, 105 attribute
, 60 glue_spec, 105 attribute_list, 1 write nodes
   avail lists: 2:1631,3:462,4:301,5:560,6:181,7:6684,8:71,9:1608,10:10,11:480
 34781 multiletter control sequences out of 65536+600000
 84 fonts using 6422231 bytes
 72i,14n,75p,547b,514s stack positions out of 10000i,1000n,20000p,200000b,200000s
<//?/c:/users/warren powell/appdata/local/programs/miktex/fonts/opentype/public/
lm/lmmonolt10-bold.otf><//?/c:/users/warren powell/appdata/local/programs/miktex
/fonts/opentype/public/lm/lmroman9-regular.otf><//?/c:/users/warren powell/appda
ta/local/programs/miktex/fonts/opentype/public/lm/lmroman8-regular.otf><//?/c:/u
sers/warren powell/appdata/local/programs/miktex/fonts/opentype/public/lm/lmroma
n10-italic.otf><//?/c:/users/warren powell/appdata/local/programs/miktex/fonts/o
pentype/public/lm/lmmono10-regular.otf><//?/c:/users/warren powell/appdata/local
/programs/miktex/fonts/opentype/public/lm/lmroman10-regular.otf><//?/c:/users/wa
rren powell/appdata/local/programs/miktex/fonts/opentype/public/lm/lmroman10-bol
d.otf><//?/c:/users/warren powell/appdata/local/programs/miktex/fonts/opentype/p
ublic/lm/lmroman12-bold.otf><//?/c:/users/warren powell/appdata/local/programs/m
iktex/fonts/opentype/public/lm/lmmono12-regular.otf><//?/c:/users/warren powell/
appdata/local/programs/miktex/fonts/opentype/public/lm/lmroman12-regular.otf><//
?/c:/users/warren powell/appdata/local/programs/miktex/fonts/opentype/public/lm/
lmroman17-regular.otf><C:/Users/Warren Powell/AppData/Local/Programs/MiKTeX/font
s/type1/public/amsfonts/cm/cmbx10.pfb><C:/Users/Warren Powell/AppData/Local/Prog
rams/MiKTeX/fonts/type1/public/amsfonts/cm/cmex10.pfb><C:/Users/Warren Powell/Ap
pData/Local/Programs/MiKTeX/fonts/type1/public/amsfonts/cm/cmmi10.pfb><C:/Users/
Warren Powell/AppData/Local/Programs/MiKTeX/fonts/type1/public/amsfonts/cm/cmmi1
2.pfb><C:/Users/Warren Powell/AppData/Local/Programs/MiKTeX/fonts/type1/public/a
msfonts/cm/cmmi6.pfb><C:/Users/Warren Powell/AppData/Local/Programs/MiKTeX/fonts
/type1/public/amsfonts/cm/cmmi7.pfb><C:/Users/Warren Powell/AppData/Local/Progra
ms/MiKTeX/fonts/type1/public/amsfonts/cm/cmmi8.pfb><C:/Users/Warren Powell/AppDa
ta/Local/Programs/MiKTeX/fonts/type1/public/amsfonts/cm/cmr10.pfb><C:/Users/Warr
en Powell/AppData/Local/Programs/MiKTeX/fonts/type1/public/amsfonts/cm/cmr6.pfb>
<C:/Users/Warren Powell/AppData/Local/Programs/MiKTeX/fonts/type1/public/amsfont
s/cm/cmr7.pfb><C:/Users/Warren Powell/AppData/Local/Programs/MiKTeX/fonts/type1/
public/amsfonts/cm/cmr8.pfb><C:/Users/Warren Powell/AppData/Local/Programs/MiKTe
X/fonts/type1/public/amsfonts/cm/cmsy10.pfb><C:/Users/Warren Powell/AppData/Loca
l/Programs/MiKTeX/fonts/type1/public/amsfonts/cm/cmsy7.pfb><C:/Users/Warren Powe
ll/AppData/Local/Programs/MiKTeX/fonts/type1/public/amsfonts/cm/cmsy8.pfb><C:/Us
ers/Warren Powell/AppData/Local/Programs/MiKTeX/fonts/type1/public/amsfonts/symb
ols/msbm10.pfb>
Output written on methodology.pdf (11 pages, 302933 bytes).

PDF statistics: 409 PDF objects out of 1000 (max. 8388607)
 79 named destinations out of 1000 (max. 131072)
 217 words of extra memory for PDF output out of 10000 (max. 100000000)

